---
source: tests/rinha.rs
expression: "interpret_to_buffer(r#\"\n  let tuple = (1, 2);\n  print(tuple)\n  \"#)"
---
"(1, 2)\n"

