---
source: tests/rinha.rs
expression: output
---
"Expected tuple\n"

