---
source: tests/rinha.rs
expression: "interpret_to_buffer(r#\"print(first(true))\"#)"
---
"Expected tuple\n"

